../Core/Src/main.c:75:5:main	8	static
../Core/Src/main.c:136:6:SystemClock_Config	96	static
../Core/Src/main.c:175:13:MX_I2C1_Init	8	static
../Core/Src/main.c:220:13:MX_TIM3_Init	32	static
../Core/Src/main.c:262:13:MX_GPIO_Init	48	static
../Core/Src/main.c:300:7:MCP9808_GetTemperature	40	static
../Core/Src/main.c:331:6:turnFanOn	8	static
../Core/Src/main.c:339:6:turnFanOff	8	static
../Core/Src/main.c:348:6:HAL_TIM_PeriodElapsedCallback	16	static
../Core/Src/main.c:365:6:Error_Handler	8	static,ignoring_inline_asm
